{
  "version": "1.5.0",
  "plugins_used": [
    {
      "name": "ArtifactoryDetector"
    },
    {
      "name": "AWSKeyDetector"
    },
    {
      "name": "AzureStorageKeyDetector"
    },
    {
      "name": "Base64HighEntropyString",
      "limit": 4.5
    },
    {
      "name": "BasicAuthDetector"
    },
    {
      "name": "CloudantDetector"
    },
    {
      "name": "DiscordBotTokenDetector"
    },
    {
      "name": "GitHubTokenDetector"
    },
    {
      "name": "GitLabTokenDetector"
    },
    {
      "name": "HexHighEntropyString",
      "limit": 3.0
    },
    {
      "name": "IbmCloudIamDetector"
    },
    {
      "name": "IbmCosHmacDetector"
    },
    {
      "name": "IPPublicDetector"
    },
    {
      "name": "JwtTokenDetector"
    },
    {
      "name": "KeywordDetector",
      "keyword_exclude": ""
    },
    {
      "name": "MailchimpDetector"
    },
    {
      "name": "NpmDetector"
    },
    {
      "name": "OpenAIDetector"
    },
    {
      "name": "PrivateKeyDetector"
    },
    {
      "name": "PypiTokenDetector"
    },
    {
      "name": "SendGridDetector"
    },
    {
      "name": "SlackDetector"
    },
    {
      "name": "SoftlayerDetector"
    },
    {
      "name": "SquareOAuthDetector"
    },
    {
      "name": "StripeDetector"
    },
    {
      "name": "TelegramBotTokenDetector"
    },
    {
      "name": "TwilioKeyDetector"
    }
  ],
  "filters_used": [
    {
      "path": "detect_secrets.filters.allowlist.is_line_allowlisted"
    },
    {
      "path": "detect_secrets.filters.common.is_baseline_file",
      "filename": ".secrets.baseline"
    },
    {
      "path": "detect_secrets.filters.common.is_ignored_due_to_verification_policies",
      "min_level": 2
    },
    {
      "path": "detect_secrets.filters.heuristic.is_indirect_reference"
    },
    {
      "path": "detect_secrets.filters.heuristic.is_likely_id_string"
    },
    {
      "path": "detect_secrets.filters.heuristic.is_lock_file"
    },
    {
      "path": "detect_secrets.filters.heuristic.is_not_alphanumeric_string"
    },
    {
      "path": "detect_secrets.filters.heuristic.is_potential_uuid"
    },
    {
      "path": "detect_secrets.filters.heuristic.is_prefixed_with_dollar_sign"
    },
    {
      "path": "detect_secrets.filters.heuristic.is_sequential_string"
    },
    {
      "path": "detect_secrets.filters.heuristic.is_swagger_file"
    },
    {
      "path": "detect_secrets.filters.heuristic.is_templated_secret"
    },
    {
      "path": "detect_secrets.filters.regex.should_exclude_file",
      "pattern": [
        "node_modules/.*",
        "demo/fixtures/.*",
        ".*\\.lock$",
        "pnpm-lock\\.yaml$",
        "frontend/jupyterlab-dataing/.*"
      ]
    }
  ],
  "results": {
    ".flow/tasks/fn-10.1.json": [
      {
        "type": "Hex High Entropy String",
        "filename": ".flow/tasks/fn-10.1.json",
        "hashed_secret": "4950957bdcbd55e197e36128fdf0c5640e9d5598",
        "is_verified": false,
        "line_number": 10
      }
    ],
    ".flow/tasks/fn-10.10.json": [
      {
        "type": "Hex High Entropy String",
        "filename": ".flow/tasks/fn-10.10.json",
        "hashed_secret": "045bd4520bc61baca2975ffc33896dc3dd484026",
        "is_verified": false,
        "line_number": 12
      }
    ],
    ".flow/tasks/fn-10.2.json": [
      {
        "type": "Hex High Entropy String",
        "filename": ".flow/tasks/fn-10.2.json",
        "hashed_secret": "6eaa20feae9752722df0efe7f23931510649a007",
        "is_verified": false,
        "line_number": 10
      }
    ],
    ".flow/tasks/fn-10.3.json": [
      {
        "type": "Hex High Entropy String",
        "filename": ".flow/tasks/fn-10.3.json",
        "hashed_secret": "a4d89412bc2056a78e29a463be9b0d4bcab27274",
        "is_verified": false,
        "line_number": 13
      }
    ],
    ".flow/tasks/fn-10.4.json": [
      {
        "type": "Hex High Entropy String",
        "filename": ".flow/tasks/fn-10.4.json",
        "hashed_secret": "910f069d1a92934f3a6c0a7c5eeefc42503fb2aa",
        "is_verified": false,
        "line_number": 10
      }
    ],
    ".flow/tasks/fn-10.8.json": [
      {
        "type": "Hex High Entropy String",
        "filename": ".flow/tasks/fn-10.8.json",
        "hashed_secret": "d950f5813b32fe010ece461ffc6d9776fb3e6ca1",
        "is_verified": false,
        "line_number": 12
      }
    ],
    ".flow/tasks/fn-10.9.json": [
      {
        "type": "Hex High Entropy String",
        "filename": ".flow/tasks/fn-10.9.json",
        "hashed_secret": "f8529d1bf119c638a497ecbbe5b40756a61cf1e6",
        "is_verified": false,
        "line_number": 12
      }
    ],
    ".flow/tasks/fn-12.1.json": [
      {
        "type": "Hex High Entropy String",
        "filename": ".flow/tasks/fn-12.1.json",
        "hashed_secret": "de872fd33620b974e0deed1f7e3672b856acf2b2",
        "is_verified": false,
        "line_number": 10
      }
    ],
    ".flow/tasks/fn-14.1.json": [
      {
        "type": "Hex High Entropy String",
        "filename": ".flow/tasks/fn-14.1.json",
        "hashed_secret": "a7224e15dbdc262631043618fa2381663af9dca3",
        "is_verified": false,
        "line_number": 10
      }
    ],
    ".flow/tasks/fn-16.1.json": [
      {
        "type": "Hex High Entropy String",
        "filename": ".flow/tasks/fn-16.1.json",
        "hashed_secret": "14d52b7ea83235fa87e40a3842012233c3ab1003",
        "is_verified": false,
        "line_number": 10
      }
    ],
    ".flow/tasks/fn-16.2.json": [
      {
        "type": "Hex High Entropy String",
        "filename": ".flow/tasks/fn-16.2.json",
        "hashed_secret": "3c3bd0f9f6d54c590f124b3c17846671687108c3",
        "is_verified": false,
        "line_number": 12
      }
    ],
    ".flow/tasks/fn-16.3.json": [
      {
        "type": "Hex High Entropy String",
        "filename": ".flow/tasks/fn-16.3.json",
        "hashed_secret": "b55df9c317ec03aa12dfad3f8849d22b1dc195e3",
        "is_verified": false,
        "line_number": 12
      }
    ],
    ".flow/tasks/fn-17.1.json": [
      {
        "type": "Hex High Entropy String",
        "filename": ".flow/tasks/fn-17.1.json",
        "hashed_secret": "f5b0f43f0806ae1cf20f4d8bf3749016c2ec01e4",
        "is_verified": false,
        "line_number": 10
      }
    ],
    ".flow/tasks/fn-17.2.json": [
      {
        "type": "Hex High Entropy String",
        "filename": ".flow/tasks/fn-17.2.json",
        "hashed_secret": "929f2035bd603ada1ee202cc30d4c8075f337171",
        "is_verified": false,
        "line_number": 12
      }
    ],
    ".flow/tasks/fn-17.3.json": [
      {
        "type": "Hex High Entropy String",
        "filename": ".flow/tasks/fn-17.3.json",
        "hashed_secret": "83645c30bb40c1f781062add02307cd07fd21398",
        "is_verified": false,
        "line_number": 12
      }
    ],
    ".flow/tasks/fn-17.4.json": [
      {
        "type": "Hex High Entropy String",
        "filename": ".flow/tasks/fn-17.4.json",
        "hashed_secret": "d996d1d52a3c43ccd971e613fca1e6d190b34638",
        "is_verified": false,
        "line_number": 13
      }
    ],
    ".flow/tasks/fn-17.6.json": [
      {
        "type": "Hex High Entropy String",
        "filename": ".flow/tasks/fn-17.6.json",
        "hashed_secret": "80c89be29b0c06115e1c16217b8d700d855b2137",
        "is_verified": false,
        "line_number": 12
      }
    ],
    ".flow/tasks/fn-2.2.json": [
      {
        "type": "Hex High Entropy String",
        "filename": ".flow/tasks/fn-2.2.json",
        "hashed_secret": "62a33e51cbc4aef45351f967888619e7e12c5362",
        "is_verified": false,
        "line_number": 12
      }
    ],
    ".flow/tasks/fn-2.3.json": [
      {
        "type": "Hex High Entropy String",
        "filename": ".flow/tasks/fn-2.3.json",
        "hashed_secret": "fd296b07fd1ef82397074d5b2923f3e739b73f53",
        "is_verified": false,
        "line_number": 12
      }
    ],
    ".flow/tasks/fn-24.1.json": [
      {
        "type": "Hex High Entropy String",
        "filename": ".flow/tasks/fn-24.1.json",
        "hashed_secret": "67559d3632245dbf611ab780bd5bddb8f2f9f338",
        "is_verified": false,
        "line_number": 10
      }
    ],
    ".flow/tasks/fn-24.2.json": [
      {
        "type": "Hex High Entropy String",
        "filename": ".flow/tasks/fn-24.2.json",
        "hashed_secret": "57dd195dab408458b56221af2cc129827de14c43",
        "is_verified": false,
        "line_number": 12
      }
    ],
    ".flow/tasks/fn-25.1.json": [
      {
        "type": "Hex High Entropy String",
        "filename": ".flow/tasks/fn-25.1.json",
        "hashed_secret": "bb23c0e22260b1dd7955c9b10dc342aaf6044781",
        "is_verified": false,
        "line_number": 10
      }
    ],
    ".flow/tasks/fn-25.2.json": [
      {
        "type": "Hex High Entropy String",
        "filename": ".flow/tasks/fn-25.2.json",
        "hashed_secret": "12143556cabe05059b77a70a872d8890527232f0",
        "is_verified": false,
        "line_number": 10
      }
    ],
    ".flow/tasks/fn-25.3.json": [
      {
        "type": "Hex High Entropy String",
        "filename": ".flow/tasks/fn-25.3.json",
        "hashed_secret": "e015000968043e0e6d41903a36c7f755386454e1",
        "is_verified": false,
        "line_number": 10
      }
    ],
    ".flow/tasks/fn-25.4.json": [
      {
        "type": "Hex High Entropy String",
        "filename": ".flow/tasks/fn-25.4.json",
        "hashed_secret": "a3e26aff699a6c323f8b745264ac6aa6f90b652f",
        "is_verified": false,
        "line_number": 10
      }
    ],
    ".flow/tasks/fn-26.1.json": [
      {
        "type": "Hex High Entropy String",
        "filename": ".flow/tasks/fn-26.1.json",
        "hashed_secret": "e8a800d340e6c5016ea63b5e13db10ab5c9492a9",
        "is_verified": false,
        "line_number": 10
      }
    ],
    ".flow/tasks/fn-26.2.json": [
      {
        "type": "Hex High Entropy String",
        "filename": ".flow/tasks/fn-26.2.json",
        "hashed_secret": "1d6e5ee5f050043102dcdcf2ad7838f05943119a",
        "is_verified": false,
        "line_number": 12
      }
    ],
    ".flow/tasks/fn-26.3.json": [
      {
        "type": "Hex High Entropy String",
        "filename": ".flow/tasks/fn-26.3.json",
        "hashed_secret": "2dab7602c1acb512eadc137015a302b38de15e33",
        "is_verified": false,
        "line_number": 12
      }
    ],
    ".flow/tasks/fn-26.4.json": [
      {
        "type": "Hex High Entropy String",
        "filename": ".flow/tasks/fn-26.4.json",
        "hashed_secret": "c652cf5db13e005aed53905c1cf43682dbb79958",
        "is_verified": false,
        "line_number": 13
      }
    ],
    ".flow/tasks/fn-26.5.json": [
      {
        "type": "Hex High Entropy String",
        "filename": ".flow/tasks/fn-26.5.json",
        "hashed_secret": "f7b40f383f01e5fc3976c80758e7ae744ec7a44d",
        "is_verified": false,
        "line_number": 12
      }
    ],
    ".flow/tasks/fn-26.6.json": [
      {
        "type": "Hex High Entropy String",
        "filename": ".flow/tasks/fn-26.6.json",
        "hashed_secret": "281086a5d3864bc2162698528245acc3bcb83998",
        "is_verified": false,
        "line_number": 12
      }
    ],
    ".flow/tasks/fn-5.1.json": [
      {
        "type": "Hex High Entropy String",
        "filename": ".flow/tasks/fn-5.1.json",
        "hashed_secret": "a1bfcf47bcfa9f7b125b8386670b56364079a88f",
        "is_verified": false,
        "line_number": 10
      }
    ],
    ".flow/tasks/fn-5.2.json": [
      {
        "type": "Hex High Entropy String",
        "filename": ".flow/tasks/fn-5.2.json",
        "hashed_secret": "19ef388a89686997f6db1f9ac708e34fb03a5108",
        "is_verified": false,
        "line_number": 12
      }
    ],
    ".flow/tasks/fn-5.3.json": [
      {
        "type": "Hex High Entropy String",
        "filename": ".flow/tasks/fn-5.3.json",
        "hashed_secret": "ca8ee4af4f052a905d12a6a542af33bd6c2b2bdf",
        "is_verified": false,
        "line_number": 12
      }
    ],
    ".flow/tasks/fn-5.4.json": [
      {
        "type": "Hex High Entropy String",
        "filename": ".flow/tasks/fn-5.4.json",
        "hashed_secret": "9fac24c70cc3580c7da696dafedbd02bc5af9977",
        "is_verified": false,
        "line_number": 12
      }
    ],
    ".flow/tasks/fn-8.1.json": [
      {
        "type": "Hex High Entropy String",
        "filename": ".flow/tasks/fn-8.1.json",
        "hashed_secret": "e83a85c26b3653973466312464083d10a9df5dc5",
        "is_verified": false,
        "line_number": 10
      }
    ],
    ".flow/tasks/fn-8.2.json": [
      {
        "type": "Hex High Entropy String",
        "filename": ".flow/tasks/fn-8.2.json",
        "hashed_secret": "284f363cef9b1da9333a9c72829fd0f1ba9008c4",
        "is_verified": false,
        "line_number": 12
      }
    ],
    ".flow/tasks/fn-8.3.json": [
      {
        "type": "Hex High Entropy String",
        "filename": ".flow/tasks/fn-8.3.json",
        "hashed_secret": "6388fd4cefe9710434cf5ce995849ca2ad4ebd0f",
        "is_verified": false,
        "line_number": 13
      }
    ],
    ".flow/tasks/fn-8.4.json": [
      {
        "type": "Hex High Entropy String",
        "filename": ".flow/tasks/fn-8.4.json",
        "hashed_secret": "608581311bf819b53cfc26aa1c9724c415c3e6d3",
        "is_verified": false,
        "line_number": 13
      }
    ],
    ".flow/tasks/fn-8.5.json": [
      {
        "type": "Hex High Entropy String",
        "filename": ".flow/tasks/fn-8.5.json",
        "hashed_secret": "14043cc82ce2bcd4f442760958be2582dc2c595b",
        "is_verified": false,
        "line_number": 13
      }
    ],
    ".flow/tasks/fn-8.6.json": [
      {
        "type": "Hex High Entropy String",
        "filename": ".flow/tasks/fn-8.6.json",
        "hashed_secret": "1cbb455bc042968402d8daac3f4562699c4aae3c",
        "is_verified": false,
        "line_number": 13
      }
    ],
    ".flow/tasks/fn-8.7.json": [
      {
        "type": "Hex High Entropy String",
        "filename": ".flow/tasks/fn-8.7.json",
        "hashed_secret": "61a8b1a10fc2153ad26ea6ba3144e13eb30dfecd",
        "is_verified": false,
        "line_number": 13
      }
    ],
    ".flow/tasks/fn-8.8.json": [
      {
        "type": "Hex High Entropy String",
        "filename": ".flow/tasks/fn-8.8.json",
        "hashed_secret": "cf591c6bd88fd9a16240453a201c5a3df17d6b98",
        "is_verified": false,
        "line_number": 13
      }
    ],
    ".flow/tasks/fn-9.1.json": [
      {
        "type": "Hex High Entropy String",
        "filename": ".flow/tasks/fn-9.1.json",
        "hashed_secret": "f9f7952eb37881f8740a7ee502d928280f6063ba",
        "is_verified": false,
        "line_number": 10
      }
    ],
    ".flow/tasks/fn-9.2.json": [
      {
        "type": "Hex High Entropy String",
        "filename": ".flow/tasks/fn-9.2.json",
        "hashed_secret": "fee8a3464f7921b3c456ade385e83ac24088b19f",
        "is_verified": false,
        "line_number": 10
      }
    ],
    ".flow/tasks/fn-9.3.json": [
      {
        "type": "Hex High Entropy String",
        "filename": ".flow/tasks/fn-9.3.json",
        "hashed_secret": "ddba51142baa62ae1ba2167600f2bba914d74bbb",
        "is_verified": false,
        "line_number": 13
      }
    ],
    ".flow/tasks/fn-9.4.json": [
      {
        "type": "Hex High Entropy String",
        "filename": ".flow/tasks/fn-9.4.json",
        "hashed_secret": "d75db7c89a221a35858f8f9f7e3ead22fca773ac",
        "is_verified": false,
        "line_number": 12
      }
    ],
    ".flow/tasks/fn-9.5.json": [
      {
        "type": "Hex High Entropy String",
        "filename": ".flow/tasks/fn-9.5.json",
        "hashed_secret": "f151365d75748eb902d3251b1efb63307dadba92",
        "is_verified": false,
        "line_number": 12
      }
    ],
    ".flow/tasks/fn-9.6.json": [
      {
        "type": "Hex High Entropy String",
        "filename": ".flow/tasks/fn-9.6.json",
        "hashed_secret": "904d39671e60b29df7825e45d5e6e37ab4a54991",
        "is_verified": false,
        "line_number": 13
      }
    ],
    ".github/workflows/ci-backend.yml": [
      {
        "type": "Secret Keyword",
        "filename": ".github/workflows/ci-backend.yml",
        "hashed_secret": "a94a8fe5ccb19ba61c4c0873d391e987982fbbd3",
        "is_verified": false,
        "line_number": 30
      },
      {
        "type": "Basic Auth Credentials",
        "filename": ".github/workflows/ci-backend.yml",
        "hashed_secret": "a94a8fe5ccb19ba61c4c0873d391e987982fbbd3",
        "is_verified": false,
        "line_number": 78
      }
    ],
    "docs/docs/integrations/warehouses/postgres.md": [
      {
        "type": "Secret Keyword",
        "filename": "docs/docs/integrations/warehouses/postgres.md",
        "hashed_secret": "a616a64c0fbc30f12287d0f24f3b90dd2e6a206e",
        "is_verified": false,
        "line_number": 34
      },
      {
        "type": "Basic Auth Credentials",
        "filename": "docs/docs/integrations/warehouses/postgres.md",
        "hashed_secret": "5baa61e4c9b93f3f0682250b6cf8331b7ee68fd8",
        "is_verified": false,
        "line_number": 72
      }
    ],
    "docs/docs/integrations/warehouses/snowflake.md": [
      {
        "type": "Secret Keyword",
        "filename": "docs/docs/integrations/warehouses/snowflake.md",
        "hashed_secret": "a616a64c0fbc30f12287d0f24f3b90dd2e6a206e",
        "is_verified": false,
        "line_number": 32
      },
      {
        "type": "Basic Auth Credentials",
        "filename": "docs/docs/integrations/warehouses/snowflake.md",
        "hashed_secret": "5baa61e4c9b93f3f0682250b6cf8331b7ee68fd8",
        "is_verified": false,
        "line_number": 72
      }
    ],
    "docs/prompts/demo_prompt_2.md": [
      {
        "type": "Basic Auth Credentials",
        "filename": "docs/prompts/demo_prompt_2.md",
        "hashed_secret": "c4e4e4239f4120bfc6964d9bb2e7cf117ee98a29",
        "is_verified": false,
        "line_number": 426
      }
    ],
    "frontend/app/src/lib/api/model/configFieldType.ts": [
      {
        "type": "Secret Keyword",
        "filename": "frontend/app/src/lib/api/model/configFieldType.ts",
        "hashed_secret": "e5e9fa1ba31ecd1ae84f75caaa474f3a663f05f4",
        "is_secret": false,
        "is_verified": false,
        "line_number": 18
      }
    ],
    "justfile": [
      {
        "type": "Basic Auth Credentials",
        "filename": "justfile",
        "hashed_secret": "c4e4e4239f4120bfc6964d9bb2e7cf117ee98a29",
        "is_verified": false,
        "line_number": 87
      }
    ],
    "python-packages/dataing-ee/tests/unit/adapters/integrations/test_adapters.py": [
      {
        "type": "Secret Keyword",
        "filename": "python-packages/dataing-ee/tests/unit/adapters/integrations/test_adapters.py",
        "hashed_secret": "72cb70dbbafe97e5ea13ad88acd65d08389439b0",
        "is_verified": false,
        "line_number": 98
      }
    ],
    "python-packages/dataing-ee/tests/unit/core/sso/test_encryption.py": [
      {
        "type": "Secret Keyword",
        "filename": "python-packages/dataing-ee/tests/unit/core/sso/test_encryption.py",
        "hashed_secret": "b034865a058d67ef79f1eb84adcec25745fd8319",
        "is_verified": false,
        "line_number": 100
      },
      {
        "type": "Secret Keyword",
        "filename": "python-packages/dataing-ee/tests/unit/core/sso/test_encryption.py",
        "hashed_secret": "af04dd6c7b1677d283ec03f492ed6ecdf7389c2c",
        "is_verified": false,
        "line_number": 163
      },
      {
        "type": "Secret Keyword",
        "filename": "python-packages/dataing-ee/tests/unit/core/sso/test_encryption.py",
        "hashed_secret": "81f344a7686a80b4c5293e8fdc0b0160c82c06a8",
        "is_verified": false,
        "line_number": 176
      }
    ],
    "python-packages/dataing-ee/tests/unit/entrypoints/api/middleware/test_audit.py": [
      {
        "type": "Secret Keyword",
        "filename": "python-packages/dataing-ee/tests/unit/entrypoints/api/middleware/test_audit.py",
        "hashed_secret": "f2b14f68eb995facb3a1c35287b778d5bd785511",
        "is_verified": false,
        "line_number": 86
      },
      {
        "type": "Secret Keyword",
        "filename": "python-packages/dataing-ee/tests/unit/entrypoints/api/middleware/test_audit.py",
        "hashed_secret": "e5e9fa1ba31ecd1ae84f75caaa474f3a663f05f4",
        "is_verified": false,
        "line_number": 95
      },
      {
        "type": "Secret Keyword",
        "filename": "python-packages/dataing-ee/tests/unit/entrypoints/api/middleware/test_audit.py",
        "hashed_secret": "99d72c7fc3e2e145870beab37c0b70e343ea9c3b",
        "is_verified": false,
        "line_number": 134
      }
    ],
    "python-packages/dataing-ee/tests/unit/entrypoints/api/routes/test_integrations.py": [
      {
        "type": "Secret Keyword",
        "filename": "python-packages/dataing-ee/tests/unit/entrypoints/api/routes/test_integrations.py",
        "hashed_secret": "72cb70dbbafe97e5ea13ad88acd65d08389439b0",
        "is_verified": false,
        "line_number": 155
      }
    ],
    "python-packages/dataing-ee/tests/unit/entrypoints/api/routes/test_settings_sso.py": [
      {
        "type": "Secret Keyword",
        "filename": "python-packages/dataing-ee/tests/unit/entrypoints/api/routes/test_settings_sso.py",
        "hashed_secret": "a0281cd072cea8e80e7866b05dc124815760b6c9",
        "is_verified": false,
        "line_number": 170
      },
      {
        "type": "Secret Keyword",
        "filename": "python-packages/dataing-ee/tests/unit/entrypoints/api/routes/test_settings_sso.py",
        "hashed_secret": "5ef3af6cd9b5aa907fa618fac829baaec6763b42",
        "is_verified": false,
        "line_number": 227
      }
    ],
    "python-packages/dataing-notebook/src/dataing_notebook/serverextension/credentials.py": [
      {
        "type": "Secret Keyword",
        "filename": "python-packages/dataing-notebook/src/dataing_notebook/serverextension/credentials.py",
        "hashed_secret": "4f4aa4a26c630ca86e6eab54fc6671db3afe0b3b",
        "is_verified": false,
        "line_number": 28
      }
    ],
    "python-packages/dataing-notebook/tests/test_connection_test.py": [
      {
        "type": "Secret Keyword",
        "filename": "python-packages/dataing-notebook/tests/test_connection_test.py",
        "hashed_secret": "3b24539b21866d7e20b79e05530931625d6ce680",
        "is_verified": false,
        "line_number": 25
      },
      {
        "type": "Secret Keyword",
        "filename": "python-packages/dataing-notebook/tests/test_connection_test.py",
        "hashed_secret": "3acfb2c2b433c0ea7ff107e33df91b18e52f960f",
        "is_verified": false,
        "line_number": 43
      },
      {
        "type": "Secret Keyword",
        "filename": "python-packages/dataing-notebook/tests/test_connection_test.py",
        "hashed_secret": "18de8e8747c829741cc7fd44c0f801a10a1d2b5b",
        "is_verified": false,
        "line_number": 87
      },
      {
        "type": "Secret Keyword",
        "filename": "python-packages/dataing-notebook/tests/test_connection_test.py",
        "hashed_secret": "81f344a7686a80b4c5293e8fdc0b0160c82c06a8",
        "is_verified": false,
        "line_number": 106
      },
      {
        "type": "Secret Keyword",
        "filename": "python-packages/dataing-notebook/tests/test_connection_test.py",
        "hashed_secret": "5854a82bc4373373f08e11b4ba52e373bc3ccdc7",
        "is_verified": false,
        "line_number": 126
      },
      {
        "type": "Secret Keyword",
        "filename": "python-packages/dataing-notebook/tests/test_connection_test.py",
        "hashed_secret": "a62f2225bf70bfaccbc7f1ef2a397836717377de",
        "is_verified": false,
        "line_number": 146
      }
    ],
    "python-packages/dataing-notebook/tests/test_credentials.py": [
      {
        "type": "Secret Keyword",
        "filename": "python-packages/dataing-notebook/tests/test_credentials.py",
        "hashed_secret": "3acfb2c2b433c0ea7ff107e33df91b18e52f960f",
        "is_verified": false,
        "line_number": 22
      },
      {
        "type": "Secret Keyword",
        "filename": "python-packages/dataing-notebook/tests/test_credentials.py",
        "hashed_secret": "bea2f7b64fab8d1d414d0449530b1e088d36d5b1",
        "is_verified": false,
        "line_number": 155
      }
    ],
    "python-packages/dataing-notebook/tests/test_serverextension.py": [
      {
        "type": "Secret Keyword",
        "filename": "python-packages/dataing-notebook/tests/test_serverextension.py",
        "hashed_secret": "ed65c049bb2f78ee4f703b2158ba9cc6ea31fb7e",
        "is_verified": false,
        "line_number": 48
      },
      {
        "type": "Secret Keyword",
        "filename": "python-packages/dataing-notebook/tests/test_serverextension.py",
        "hashed_secret": "3b24539b21866d7e20b79e05530931625d6ce680",
        "is_verified": false,
        "line_number": 81
      },
      {
        "type": "Secret Keyword",
        "filename": "python-packages/dataing-notebook/tests/test_serverextension.py",
        "hashed_secret": "3acfb2c2b433c0ea7ff107e33df91b18e52f960f",
        "is_verified": false,
        "line_number": 109
      },
      {
        "type": "Secret Keyword",
        "filename": "python-packages/dataing-notebook/tests/test_serverextension.py",
        "hashed_secret": "07065815d4500e250a9300ffa5c3c0d90ce57121",
        "is_verified": false,
        "line_number": 139
      }
    ],
    "python-packages/dataing-sdk/README.md": [
      {
        "type": "Secret Keyword",
        "filename": "python-packages/dataing-sdk/README.md",
        "hashed_secret": "11fa7c37d697f30e6aee828b4426a10f83ab2380",
        "is_verified": false,
        "line_number": 29
      }
    ],
    "python-packages/dataing-sdk/src/dataing_sdk/client.py": [
      {
        "type": "Secret Keyword",
        "filename": "python-packages/dataing-sdk/src/dataing_sdk/client.py",
        "hashed_secret": "4f4aa4a26c630ca86e6eab54fc6671db3afe0b3b",
        "is_verified": false,
        "line_number": 77
      },
      {
        "type": "Secret Keyword",
        "filename": "python-packages/dataing-sdk/src/dataing_sdk/client.py",
        "hashed_secret": "630e3c2f2e9b953996ea0de61e67a7a0bbe41b9d",
        "is_verified": false,
        "line_number": 170
      }
    ],
    "python-packages/dataing-sdk/tests/test_client.py": [
      {
        "type": "Secret Keyword",
        "filename": "python-packages/dataing-sdk/tests/test_client.py",
        "hashed_secret": "0d1919ff4eebc7af7ee04381259deedc059369aa",
        "is_verified": false,
        "line_number": 26
      },
      {
        "type": "Secret Keyword",
        "filename": "python-packages/dataing-sdk/tests/test_client.py",
        "hashed_secret": "bea2f7b64fab8d1d414d0449530b1e088d36d5b1",
        "is_verified": false,
        "line_number": 35
      },
      {
        "type": "Secret Keyword",
        "filename": "python-packages/dataing-sdk/tests/test_client.py",
        "hashed_secret": "a62f2225bf70bfaccbc7f1ef2a397836717377de",
        "is_verified": false,
        "line_number": 158
      }
    ],
    "python-packages/dataing-sdk/tests/test_types.py": [
      {
        "type": "Secret Keyword",
        "filename": "python-packages/dataing-sdk/tests/test_types.py",
        "hashed_secret": "3acfb2c2b433c0ea7ff107e33df91b18e52f960f",
        "is_verified": false,
        "line_number": 108
      }
    ],
    "python-packages/dataing/src/dataing/adapters/datasource/document/mongodb.py": [
      {
        "type": "Basic Auth Credentials",
        "filename": "python-packages/dataing/src/dataing/adapters/datasource/document/mongodb.py",
        "hashed_secret": "9d4e1e23bd5b727046a9e3b4b7db57bd8d6ee684",
        "is_verified": false,
        "line_number": 47
      }
    ],
    "python-packages/dataing/src/dataing/demo/seed.py": [
      {
        "type": "Basic Auth Credentials",
        "filename": "python-packages/dataing/src/dataing/demo/seed.py",
        "hashed_secret": "c4e4e4239f4120bfc6964d9bb2e7cf117ee98a29",
        "is_verified": false,
        "line_number": 206
      }
    ],
    "python-packages/dataing/tests/fixtures/data_sources.py": [
      {
        "type": "Secret Keyword",
        "filename": "python-packages/dataing/tests/fixtures/data_sources.py",
        "hashed_secret": "a5aa8c108715d08777130833538183a80e6aad92",
        "is_verified": false,
        "line_number": 89
      }
    ],
    "python-packages/dataing/tests/unit/adapters/datasource/test_factory.py": [
      {
        "type": "Secret Keyword",
        "filename": "python-packages/dataing/tests/unit/adapters/datasource/test_factory.py",
        "hashed_secret": "2394a9661a9089208c1c9c65ccac85a91da6a859",
        "is_verified": false,
        "line_number": 35
      }
    ],
    "python-packages/dataing/tests/unit/adapters/datasource/test_gateway.py": [
      {
        "type": "Base64 High Entropy String",
        "filename": "python-packages/dataing/tests/unit/adapters/datasource/test_gateway.py",
        "hashed_secret": "a78840dbe259b0d1080d214d2b51772b89042d1a",
        "is_verified": false,
        "line_number": 194
      }
    ],
    "python-packages/dataing/tests/unit/adapters/datasource/test_postgres.py": [
      {
        "type": "Secret Keyword",
        "filename": "python-packages/dataing/tests/unit/adapters/datasource/test_postgres.py",
        "hashed_secret": "9d4e1e23bd5b727046a9e3b4b7db57bd8d6ee684",
        "is_verified": false,
        "line_number": 102
      },
      {
        "type": "Secret Keyword",
        "filename": "python-packages/dataing/tests/unit/adapters/datasource/test_postgres.py",
        "hashed_secret": "f2b14f68eb995facb3a1c35287b778d5bd785511",
        "is_verified": false,
        "line_number": 142
      }
    ],
    "python-packages/dataing/tests/unit/adapters/notifications/test_email.py": [
      {
        "type": "Secret Keyword",
        "filename": "python-packages/dataing/tests/unit/adapters/notifications/test_email.py",
        "hashed_secret": "5baa61e4c9b93f3f0682250b6cf8331b7ee68fd8",
        "is_verified": false,
        "line_number": 22
      }
    ],
    "python-packages/dataing/tests/unit/adapters/notifications/test_webhook.py": [
      {
        "type": "Secret Keyword",
        "filename": "python-packages/dataing/tests/unit/adapters/notifications/test_webhook.py",
        "hashed_secret": "72cb70dbbafe97e5ea13ad88acd65d08389439b0",
        "is_verified": false,
        "line_number": 22
      }
    ],
    "python-packages/dataing/tests/unit/api/test_integrations_routes.py": [
      {
        "type": "Secret Keyword",
        "filename": "python-packages/dataing/tests/unit/api/test_integrations_routes.py",
        "hashed_secret": "2be621d0f1b4cce754fec629a0d0e35034edb123",
        "is_verified": false,
        "line_number": 24
      }
    ],
    "python-packages/dataing/tests/unit/core/test_credentials.py": [
      {
        "type": "Base64 High Entropy String",
        "filename": "python-packages/dataing/tests/unit/core/test_credentials.py",
        "hashed_secret": "a78840dbe259b0d1080d214d2b51772b89042d1a",
        "is_verified": false,
        "line_number": 24
      },
      {
        "type": "Secret Keyword",
        "filename": "python-packages/dataing/tests/unit/core/test_credentials.py",
        "hashed_secret": "206c80413b9a96c1312cc346b7d2517b84463edd",
        "is_verified": false,
        "line_number": 34
      },
      {
        "type": "Secret Keyword",
        "filename": "python-packages/dataing/tests/unit/core/test_credentials.py",
        "hashed_secret": "364bdf2ed77a8544d3b711a03b69eeadcc63c9d7",
        "is_verified": false,
        "line_number": 81
      },
      {
        "type": "Secret Keyword",
        "filename": "python-packages/dataing/tests/unit/core/test_credentials.py",
        "hashed_secret": "a94a8fe5ccb19ba61c4c0873d391e987982fbbd3",
        "is_verified": false,
        "line_number": 105
      }
    ],
    "python-packages/dataing/tests/unit/entrypoints/api/middleware/test_auth.py": [
      {
        "type": "Secret Keyword",
        "filename": "python-packages/dataing/tests/unit/entrypoints/api/middleware/test_auth.py",
        "hashed_secret": "c5b62ea9ada21743c6f353e4a45bc8648b377006",
        "is_verified": false,
        "line_number": 70
      },
      {
        "type": "Secret Keyword",
        "filename": "python-packages/dataing/tests/unit/entrypoints/api/middleware/test_auth.py",
        "hashed_secret": "81f344a7686a80b4c5293e8fdc0b0160c82c06a8",
        "is_verified": false,
        "line_number": 260
      },
      {
        "type": "Secret Keyword",
        "filename": "python-packages/dataing/tests/unit/entrypoints/api/middleware/test_auth.py",
        "hashed_secret": "f659401b2b8187cff09abc4c57e487624deb0826",
        "is_verified": false,
        "line_number": 269
      }
    ]
  },
  "generated_at": "2026-02-01T21:51:29Z"
}
