{
  "version": "1.5.0",
  "plugins_used": [
    {
      "name": "ArtifactoryDetector"
    },
    {
      "name": "AWSKeyDetector"
    },
    {
      "name": "AzureStorageKeyDetector"
    },
    {
      "name": "Base64HighEntropyString",
      "limit": 4.5
    },
    {
      "name": "BasicAuthDetector"
    },
    {
      "name": "CloudantDetector"
    },
    {
      "name": "DiscordBotTokenDetector"
    },
    {
      "name": "GitHubTokenDetector"
    },
    {
      "name": "GitLabTokenDetector"
    },
    {
      "name": "HexHighEntropyString",
      "limit": 3.0
    },
    {
      "name": "IbmCloudIamDetector"
    },
    {
      "name": "IbmCosHmacDetector"
    },
    {
      "name": "IPPublicDetector"
    },
    {
      "name": "JwtTokenDetector"
    },
    {
      "name": "KeywordDetector",
      "keyword_exclude": ""
    },
    {
      "name": "MailchimpDetector"
    },
    {
      "name": "NpmDetector"
    },
    {
      "name": "OpenAIDetector"
    },
    {
      "name": "PrivateKeyDetector"
    },
    {
      "name": "PypiTokenDetector"
    },
    {
      "name": "SendGridDetector"
    },
    {
      "name": "SlackDetector"
    },
    {
      "name": "SoftlayerDetector"
    },
    {
      "name": "SquareOAuthDetector"
    },
    {
      "name": "StripeDetector"
    },
    {
      "name": "TelegramBotTokenDetector"
    },
    {
      "name": "TwilioKeyDetector"
    }
  ],
  "filters_used": [
    {
      "path": "detect_secrets.filters.allowlist.is_line_allowlisted"
    },
    {
      "path": "detect_secrets.filters.common.is_baseline_file",
      "filename": ".secrets.baseline"
    },
    {
      "path": "detect_secrets.filters.common.is_ignored_due_to_verification_policies",
      "min_level": 2
    },
    {
      "path": "detect_secrets.filters.heuristic.is_indirect_reference"
    },
    {
      "path": "detect_secrets.filters.heuristic.is_likely_id_string"
    },
    {
      "path": "detect_secrets.filters.heuristic.is_lock_file"
    },
    {
      "path": "detect_secrets.filters.heuristic.is_not_alphanumeric_string"
    },
    {
      "path": "detect_secrets.filters.heuristic.is_potential_uuid"
    },
    {
      "path": "detect_secrets.filters.heuristic.is_prefixed_with_dollar_sign"
    },
    {
      "path": "detect_secrets.filters.heuristic.is_sequential_string"
    },
    {
      "path": "detect_secrets.filters.heuristic.is_swagger_file"
    },
    {
      "path": "detect_secrets.filters.heuristic.is_templated_secret"
    },
    {
      "path": "detect_secrets.filters.regex.should_exclude_file",
      "pattern": [
        "node_modules/.*",
        "demo/fixtures/.*",
        ".*\\.lock$",
        "pnpm-lock\\.yaml$",
        "package-lock\\.json$",
        "dist/.*",
        "\\.next/.*",
        "\\.venv/.*"
      ]
    }
  ],
  "results": {
    ".flow/tasks/fn-2.2.json": [
      {
        "type": "Hex High Entropy String",
        "filename": ".flow/tasks/fn-2.2.json",
        "hashed_secret": "62a33e51cbc4aef45351f967888619e7e12c5362",
        "is_verified": false,
        "line_number": 12
      }
    ],
    ".flow/tasks/fn-2.3.json": [
      {
        "type": "Hex High Entropy String",
        "filename": ".flow/tasks/fn-2.3.json",
        "hashed_secret": "fd296b07fd1ef82397074d5b2923f3e739b73f53",
        "is_verified": false,
        "line_number": 12
      }
    ],
    ".flow/tasks/fn-5.1.json": [
      {
        "type": "Hex High Entropy String",
        "filename": ".flow/tasks/fn-5.1.json",
        "hashed_secret": "a1bfcf47bcfa9f7b125b8386670b56364079a88f",
        "is_verified": false,
        "line_number": 10
      }
    ],
    ".flow/tasks/fn-5.2.json": [
      {
        "type": "Hex High Entropy String",
        "filename": ".flow/tasks/fn-5.2.json",
        "hashed_secret": "19ef388a89686997f6db1f9ac708e34fb03a5108",
        "is_verified": false,
        "line_number": 12
      }
    ],
    ".flow/tasks/fn-5.3.json": [
      {
        "type": "Hex High Entropy String",
        "filename": ".flow/tasks/fn-5.3.json",
        "hashed_secret": "ca8ee4af4f052a905d12a6a542af33bd6c2b2bdf",
        "is_verified": false,
        "line_number": 12
      }
    ],
    ".flow/tasks/fn-5.4.json": [
      {
        "type": "Hex High Entropy String",
        "filename": ".flow/tasks/fn-5.4.json",
        "hashed_secret": "9fac24c70cc3580c7da696dafedbd02bc5af9977",
        "is_verified": false,
        "line_number": 12
      }
    ],
    ".flow/tasks/fn-8.1.json": [
      {
        "type": "Hex High Entropy String",
        "filename": ".flow/tasks/fn-8.1.json",
        "hashed_secret": "e83a85c26b3653973466312464083d10a9df5dc5",
        "is_verified": false,
        "line_number": 10
      }
    ],
    ".flow/tasks/fn-8.2.json": [
      {
        "type": "Hex High Entropy String",
        "filename": ".flow/tasks/fn-8.2.json",
        "hashed_secret": "284f363cef9b1da9333a9c72829fd0f1ba9008c4",
        "is_verified": false,
        "line_number": 12
      }
    ],
    ".flow/tasks/fn-8.3.json": [
      {
        "type": "Hex High Entropy String",
        "filename": ".flow/tasks/fn-8.3.json",
        "hashed_secret": "6388fd4cefe9710434cf5ce995849ca2ad4ebd0f",
        "is_verified": false,
        "line_number": 13
      }
    ],
    ".flow/tasks/fn-8.4.json": [
      {
        "type": "Hex High Entropy String",
        "filename": ".flow/tasks/fn-8.4.json",
        "hashed_secret": "608581311bf819b53cfc26aa1c9724c415c3e6d3",
        "is_verified": false,
        "line_number": 13
      }
    ],
    ".flow/tasks/fn-8.5.json": [
      {
        "type": "Hex High Entropy String",
        "filename": ".flow/tasks/fn-8.5.json",
        "hashed_secret": "14043cc82ce2bcd4f442760958be2582dc2c595b",
        "is_verified": false,
        "line_number": 13
      }
    ],
    ".flow/tasks/fn-8.6.json": [
      {
        "type": "Hex High Entropy String",
        "filename": ".flow/tasks/fn-8.6.json",
        "hashed_secret": "1cbb455bc042968402d8daac3f4562699c4aae3c",
        "is_verified": false,
        "line_number": 13
      }
    ],
    ".flow/tasks/fn-8.7.json": [
      {
        "type": "Hex High Entropy String",
        "filename": ".flow/tasks/fn-8.7.json",
        "hashed_secret": "61a8b1a10fc2153ad26ea6ba3144e13eb30dfecd",
        "is_verified": false,
        "line_number": 13
      }
    ],
    ".github/workflows/ci-backend.yml": [
      {
        "type": "Secret Keyword",
        "filename": ".github/workflows/ci-backend.yml",
        "hashed_secret": "a94a8fe5ccb19ba61c4c0873d391e987982fbbd3",
        "is_verified": false,
        "line_number": 26
      },
      {
        "type": "Basic Auth Credentials",
        "filename": ".github/workflows/ci-backend.yml",
        "hashed_secret": "a94a8fe5ccb19ba61c4c0873d391e987982fbbd3",
        "is_verified": false,
        "line_number": 61
      }
    ],
    "bond/tests/unit/tools/githunter/test_adapter.py": [
      {
        "type": "Hex High Entropy String",
        "filename": "bond/tests/unit/tools/githunter/test_adapter.py",
        "hashed_secret": "e8cacbfa382331bcb5e5e1811cf0bac203641358",
        "is_verified": false,
        "line_number": 59
      }
    ],
    "dataing-ee/tests/unit/core/sso/test_encryption.py": [
      {
        "type": "Secret Keyword",
        "filename": "dataing-ee/tests/unit/core/sso/test_encryption.py",
        "hashed_secret": "b034865a058d67ef79f1eb84adcec25745fd8319",
        "is_verified": false,
        "line_number": 100
      },
      {
        "type": "Secret Keyword",
        "filename": "dataing-ee/tests/unit/core/sso/test_encryption.py",
        "hashed_secret": "af04dd6c7b1677d283ec03f492ed6ecdf7389c2c",
        "is_verified": false,
        "line_number": 163
      },
      {
        "type": "Secret Keyword",
        "filename": "dataing-ee/tests/unit/core/sso/test_encryption.py",
        "hashed_secret": "81f344a7686a80b4c5293e8fdc0b0160c82c06a8",
        "is_verified": false,
        "line_number": 176
      }
    ],
    "dataing-ee/tests/unit/entrypoints/api/middleware/test_audit.py": [
      {
        "type": "Secret Keyword",
        "filename": "dataing-ee/tests/unit/entrypoints/api/middleware/test_audit.py",
        "hashed_secret": "f2b14f68eb995facb3a1c35287b778d5bd785511",
        "is_verified": false,
        "line_number": 89
      },
      {
        "type": "Secret Keyword",
        "filename": "dataing-ee/tests/unit/entrypoints/api/middleware/test_audit.py",
        "hashed_secret": "e5e9fa1ba31ecd1ae84f75caaa474f3a663f05f4",
        "is_verified": false,
        "line_number": 98
      },
      {
        "type": "Secret Keyword",
        "filename": "dataing-ee/tests/unit/entrypoints/api/middleware/test_audit.py",
        "hashed_secret": "99d72c7fc3e2e145870beab37c0b70e343ea9c3b",
        "is_verified": false,
        "line_number": 137
      }
    ],
    "dataing-ee/tests/unit/entrypoints/api/routes/test_settings_sso.py": [
      {
        "type": "Secret Keyword",
        "filename": "dataing-ee/tests/unit/entrypoints/api/routes/test_settings_sso.py",
        "hashed_secret": "a0281cd072cea8e80e7866b05dc124815760b6c9",
        "is_verified": false,
        "line_number": 171
      },
      {
        "type": "Secret Keyword",
        "filename": "dataing-ee/tests/unit/entrypoints/api/routes/test_settings_sso.py",
        "hashed_secret": "5ef3af6cd9b5aa907fa618fac829baaec6763b42",
        "is_verified": false,
        "line_number": 228
      }
    ],
    "dataing/tests/fixtures/data_sources.py": [
      {
        "type": "Secret Keyword",
        "filename": "dataing/tests/fixtures/data_sources.py",
        "hashed_secret": "a5aa8c108715d08777130833538183a80e6aad92",
        "is_verified": false,
        "line_number": 89
      }
    ],
    "dataing/tests/unit/adapters/datasource/test_postgres.py": [
      {
        "type": "Secret Keyword",
        "filename": "dataing/tests/unit/adapters/datasource/test_postgres.py",
        "hashed_secret": "9d4e1e23bd5b727046a9e3b4b7db57bd8d6ee684",
        "is_verified": false,
        "line_number": 111
      },
      {
        "type": "Secret Keyword",
        "filename": "dataing/tests/unit/adapters/datasource/test_postgres.py",
        "hashed_secret": "f2b14f68eb995facb3a1c35287b778d5bd785511",
        "is_verified": false,
        "line_number": 151
      }
    ],
    "dataing/tests/unit/adapters/notifications/test_email.py": [
      {
        "type": "Secret Keyword",
        "filename": "dataing/tests/unit/adapters/notifications/test_email.py",
        "hashed_secret": "5baa61e4c9b93f3f0682250b6cf8331b7ee68fd8",
        "is_verified": false,
        "line_number": 22
      }
    ],
    "dataing/tests/unit/adapters/notifications/test_webhook.py": [
      {
        "type": "Secret Keyword",
        "filename": "dataing/tests/unit/adapters/notifications/test_webhook.py",
        "hashed_secret": "72cb70dbbafe97e5ea13ad88acd65d08389439b0",
        "is_verified": false,
        "line_number": 22
      }
    ],
    "dataing/tests/unit/entrypoints/api/middleware/test_auth.py": [
      {
        "type": "Secret Keyword",
        "filename": "dataing/tests/unit/entrypoints/api/middleware/test_auth.py",
        "hashed_secret": "c5b62ea9ada21743c6f353e4a45bc8648b377006",
        "is_verified": false,
        "line_number": 67
      },
      {
        "type": "Secret Keyword",
        "filename": "dataing/tests/unit/entrypoints/api/middleware/test_auth.py",
        "hashed_secret": "81f344a7686a80b4c5293e8fdc0b0160c82c06a8",
        "is_verified": false,
        "line_number": 251
      },
      {
        "type": "Secret Keyword",
        "filename": "dataing/tests/unit/entrypoints/api/middleware/test_auth.py",
        "hashed_secret": "f659401b2b8187cff09abc4c57e487624deb0826",
        "is_verified": false,
        "line_number": 260
      }
    ],
    "demo/docker-compose.demo.yml": [
      {
        "type": "Secret Keyword",
        "filename": "demo/docker-compose.demo.yml",
        "hashed_secret": "c4e4e4239f4120bfc6964d9bb2e7cf117ee98a29",
        "is_verified": false,
        "line_number": 9
      },
      {
        "type": "Basic Auth Credentials",
        "filename": "demo/docker-compose.demo.yml",
        "hashed_secret": "c4e4e4239f4120bfc6964d9bb2e7cf117ee98a29",
        "is_verified": false,
        "line_number": 27
      }
    ],
    "docs/prompts/demo_prompt_2.md": [
      {
        "type": "Basic Auth Credentials",
        "filename": "docs/prompts/demo_prompt_2.md",
        "hashed_secret": "c4e4e4239f4120bfc6964d9bb2e7cf117ee98a29",
        "is_verified": false,
        "line_number": 426
      }
    ],
    "justfile": [
      {
        "type": "Basic Auth Credentials",
        "filename": "justfile",
        "hashed_secret": "c4e4e4239f4120bfc6964d9bb2e7cf117ee98a29",
        "is_verified": false,
        "line_number": 246
      }
    ]
  },
  "generated_at": "2026-01-14T01:20:32Z"
}
